// Jest Snapshot v1, https://goo.gl/fbAQLP

exports[`button button 测试 1`] = `
<button>
  button
</button>
`;
